// Jest Snapshot v1, https://goo.gl/fbAQLP

exports[`should render without crashing 1`] = `
<footer
  className="footer"
>
  <div
    className="container"
  >
    <h4>
       
      Built with ‚ù§ by
      <Link
        className="link"
        replace={false}
        to="https://twitter.com/olusola_dev"
      >
         
        Olusola
      </Link>
    </h4>
  </div>
</footer>
`;
