// Jest Snapshot v1, https://goo.gl/fbAQLP

exports[`does not render when not visible 1`] = `""`;

exports[`renders without crashing when visible 1`] = `
<div
  className="toast-container js-toast-container"
>
  <div
    className="toast-container__close-btn js-toast-close"
    onClick={[MockFunction]}
  >
    Ã—
  </div>
  <div
    className="toast js-toast toast--error"
    key="0"
  >
    <span
      className="toast__text js-toast-text"
    >
      error
    </span>
  </div>
</div>
`;
